// Jest Snapshot v1, https://goo.gl/fbAQLP

exports[`styles 1`] = `
"
            <style>
                .subtitle {text-align: center}
            </style>
        "
`;
